// Jest Snapshot v1, https://goo.gl/fbAQLP

exports[`GetMainNavigationIcon tests Should render the provided icon 1`] = `
ShallowWrapper {
  Symbol(enzyme.__root__): [Circular],
  Symbol(enzyme.__unrendered__): <Unknown
    size={24}
    tintColor="blue"
  />,
  Symbol(enzyme.__renderer__): Object {
    "batchedUpdates": [Function],
    "checkPropTypes": [Function],
    "getNode": [Function],
    "render": [Function],
    "simulateError": [Function],
    "simulateEvent": [Function],
    "unmount": [Function],
  },
  Symbol(enzyme.__node__): Object {
    "instance": null,
    "key": undefined,
    "nodeType": "class",
    "props": Object {
      "children": <Svg
        height={24}
        preserveAspectRatio="xMidYMid meet"
        viewBox="0 0 24 24"
        width={24}
      >
        <Path
          d="M0 0h24v24H0V0z"
          fill="none"
        />
        <Path
          d="M10 20v-6h4v6h5v-8h3L12 3 2 12h3v8h5z"
          fill="blue"
        />
      </Svg>,
    },
    "ref": null,
    "rendered": Object {
      "instance": null,
      "key": undefined,
      "nodeType": "class",
      "props": Object {
        "children": Array [
          <Path
            d="M0 0h24v24H0V0z"
            fill="none"
          />,
          <Path
            d="M10 20v-6h4v6h5v-8h3L12 3 2 12h3v8h5z"
            fill="blue"
          />,
        ],
        "height": 24,
        "preserveAspectRatio": "xMidYMid meet",
        "viewBox": "0 0 24 24",
        "width": 24,
      },
      "ref": null,
      "rendered": Array [
        Object {
          "instance": null,
          "key": undefined,
          "nodeType": "class",
          "props": Object {
            "d": "M0 0h24v24H0V0z",
            "fill": "none",
          },
          "ref": null,
          "rendered": null,
          "type": [Function],
        },
        Object {
          "instance": null,
          "key": undefined,
          "nodeType": "class",
          "props": Object {
            "d": "M10 20v-6h4v6h5v-8h3L12 3 2 12h3v8h5z",
            "fill": "blue",
          },
          "ref": null,
          "rendered": null,
          "type": [Function],
        },
      ],
      "type": [Function],
    },
    "type": [Function],
  },
  Symbol(enzyme.__nodes__): Array [
    Object {
      "instance": null,
      "key": undefined,
      "nodeType": "class",
      "props": Object {
        "children": <Svg
          height={24}
          preserveAspectRatio="xMidYMid meet"
          viewBox="0 0 24 24"
          width={24}
        >
          <Path
            d="M0 0h24v24H0V0z"
            fill="none"
          />
          <Path
            d="M10 20v-6h4v6h5v-8h3L12 3 2 12h3v8h5z"
            fill="blue"
          />
        </Svg>,
      },
      "ref": null,
      "rendered": Object {
        "instance": null,
        "key": undefined,
        "nodeType": "class",
        "props": Object {
          "children": Array [
            <Path
              d="M0 0h24v24H0V0z"
              fill="none"
            />,
            <Path
              d="M10 20v-6h4v6h5v-8h3L12 3 2 12h3v8h5z"
              fill="blue"
            />,
          ],
          "height": 24,
          "preserveAspectRatio": "xMidYMid meet",
          "viewBox": "0 0 24 24",
          "width": 24,
        },
        "ref": null,
        "rendered": Array [
          Object {
            "instance": null,
            "key": undefined,
            "nodeType": "class",
            "props": Object {
              "d": "M0 0h24v24H0V0z",
              "fill": "none",
            },
            "ref": null,
            "rendered": null,
            "type": [Function],
          },
          Object {
            "instance": null,
            "key": undefined,
            "nodeType": "class",
            "props": Object {
              "d": "M10 20v-6h4v6h5v-8h3L12 3 2 12h3v8h5z",
              "fill": "blue",
            },
            "ref": null,
            "rendered": null,
            "type": [Function],
          },
        ],
        "type": [Function],
      },
      "type": [Function],
    },
  ],
  Symbol(enzyme.__options__): Object {
    "adapter": ReactSixteenAdapter {
      "options": Object {
        "enableComponentDidUpdateOnSetState": true,
        "legacyContextMode": "parent",
        "lifecycles": Object {
          "componentDidUpdate": Object {
            "onSetState": true,
          },
          "getChildContext": Object {
            "calledByRenderer": false,
          },
          "getDerivedStateFromProps": true,
          "getSnapshotBeforeUpdate": true,
          "setState": Object {
            "skipsComponentDidUpdateOnNullish": true,
          },
        },
      },
    },
  },
}
`;
